C:/Users/andre/STM32CubeIDE/workspace_1.12.0/Headers/Drivers/CMSIS/Include/core_cm7.h:1896:22:__NVIC_EnableIRQ	16	static
../Inc/rocketBasics.h:27:6:millis_init	8	static
../Inc/rocketBasics.h:48:6:TIM2_IRQHandler	12	static
../Inc/rocketBasics.h:61:10:millis	4	static
../Inc/rocketBasics.h:65:6:delay	24	static
../Inc/rocketBasics.h:83:17:compute_uart_div	16	static
../Inc/rocketBasics.h:87:13:uart_set_boudRate	24	static
../Inc/rocketBasics.h:92:37:rocketSerialDuplexBegin	16	static
../Inc/rocketBasics.h:124:37:rocketSerialBegin	16	static
../Inc/rocketBasics.h:151:37:usart_3_write	16	static
../Inc/rocketBasics.h:161:36:Serial_println	24	static
../Inc/rocketBasics.h:169:36:Serial_print	24	static
../Inc/rocketBasics.h:176:5:__io_putchar	16	static
../Inc/rocketBasics.h:185:37:usart_3_read	4	static
../Inc/rocketBasics.h:199:36:pinMode	24	static
../Inc/rocketBasics.h:231:36:digitalWrite	32	static
../Inc/rocketBasics.h:256:40:digitalRead	24	static
../Inc/rocketBasics.h:279:6:ADC_init	4	static
../Inc/rocketBasics.h:303:6:ADC_start_single_conversion	4	static
../Inc/rocketBasics.h:308:6:ADC_start_continous_conversion	4	static
../Inc/rocketBasics.h:314:10:ADC_read	4	static
../Src/main.c:6:5:main	8	static
